// Jest Snapshot v1, https://goo.gl/fbAQLP

exports[`Footer Snapshot Footer view 1`] = `
<div
  className="Footer name"
>
  <p
    className="Footer-title"
  >
    Platzi Store
  </p>
  <p
    className="Footer-copy"
  >
    Todos los Izquierdos Reservados
  </p>
</div>
`;
